// Jest Snapshot v1, https://goo.gl/fbAQLP

exports[`FormField should render and match snapshot 1`] = `
<div
  className="sc-bdnylx fqNcxX"
>
  <div>
    Child
  </div>
</div>
`;
